// Jest Snapshot v1, https://goo.gl/fbAQLP

exports[`Home should be render 1`] = `<Home />`;
